// Jest Snapshot v1, https://goo.gl/fbAQLP

exports[`render renders correctly 1`] = `
Object {
  "html": "<main class=\\"sc-ifAKCX cisiRd\\"><nav class=\\"sc-bxivhb hYiooe\\"><ul></ul></nav><div class=\\"sc-htpNat hCKVJH\\"><nav><nav><ul class=\\"sc-bwzfXH hdWBic\\"><li class=\\"sc-bdVaJa cmHtWv\\"></li></ul></nav></nav><div><section><p><span data-reactroot=\\"\\">bar.md</span></p></section><section><pre>[[bar.md]]</pre></section></div></div></main>",
  "styles": "<style data-styled=\\"cisiRd hYiooe hCKVJH hdWBic cmHtWv\\" data-styled-version=\\"4.1.3\\">
/* sc-component-id: sc-bdVaJa */
.cmHtWv:after{padding-left:0.5rem;padding-right:0.5rem;content:'/';} .cmHtWv:last-child:after{content:'';}
/* sc-component-id: sc-bwzfXH */
.hdWBic{display:-webkit-box;display:-webkit-flex;display:-ms-flexbox;display:flex;-webkit-flex-direction:row;-ms-flex-direction:row;flex-direction:row;list-style:none;padding:0;margin:0;}
/* sc-component-id: sc-htpNat */
.hCKVJH{-webkit-flex:auto;-ms-flex:auto;flex:auto;}
/* sc-component-id: sc-bxivhb */
.hYiooe{-webkit-flex:1;-ms-flex:1;flex:1;}
/* sc-component-id: sc-ifAKCX */
.cisiRd{display:-webkit-box;display:-webkit-flex;display:-ms-flexbox;display:flex;-webkit-flex-direction:row;-ms-flex-direction:row;flex-direction:row;}</style>",
}
`;
