// Jest Snapshot v1, https://goo.gl/fbAQLP

exports[`render renders correctly 1`] = `"<main data-reactroot=\\"\\"><nav><nav><ul><li><a href=\\"..\\">test</a></li><li><a href=\\"./\\">foo.md</a></li></ul></nav></nav><nav><ul></ul></nav><section><h1>foo.md</h1><div><p><span data-reactroot=\\"\\">bar.md</span></p></div></section></main>"`;
